03/02/2021 10:40 1st version
03/02/2021 10:59 2nd version
03/02/2021 13:35 3rd version
